// Jest Snapshot v1, https://goo.gl/fbAQLP

exports[`tests in <GitExpertApp/> debe hacer match con el snapshot 1`] = `
<div>
  <h1>
    GifExpertApp
  </h1>
  <form
    aria-label="form"
  >
    <input
      placeholder="Buscar Gifs"
      type="text"
      value=""
    />
  </form>
  <h3>
    one punch
  </h3>
  <h2>
    Cargando...
  </h2>
  <div
    class="card-grid"
  />
</div>
`;
